// Jest Snapshot v1, https://goo.gl/fbAQLP

exports[`Password R should render correctly in "debug" mode 1`] = `
<div>
  <WithStyles(ForwardRef(Card))
    style={
      Object {
        "margin": "0 auto",
        "width": "35%",
      }
    }
  >
    <div
      style={
        Object {
          "margin": "10px",
        }
      }
    >
      <p>
        RESET PASSWORD
      </p>
    </div>
    <hr
      style={
        Object {
          "color": "#e6e6ff",
        }
      }
    />
    <div>
      <TextInput
        onTextChange={[Function]}
        placeHolder="Username"
      />
      <TextInput
        onTextChange={[Function]}
        placeHolder="Email"
      />
    </div>
    <div
      style={
        Object {
          "margin": "10px",
        }
      }
    >
      <WithStyles(ForwardRef(Fab))
        aria-label="Add"
        color="primary"
        disabled={false}
        onClick={[Function]}
        size="medium"
        variant="extended"
      >
        RESET
      </WithStyles(ForwardRef(Fab))>
    </div>
    <hr
      style={
        Object {
          "color": "#e6e6ff",
        }
      }
    />
    <div>
      message here
    </div>
  </WithStyles(ForwardRef(Card))>
</div>
`;
